Downloading: nvd-clojure/nvd-clojure/maven-metadata.xml from clojars
[2026-09-29 07:39:42.154] INFO nvd-clojure - User-provided config: {:delete-config? false, :group "com.github.pmonks", :name "embroidery", :version "1.0.68-SNAPSHOT", :nvd {:output-dir "../target/nvd"}}
[2026-09-29 07:39:43.027] WARN NexusAnalyzer - Disabling Nexus analyzer - please specify the URL to a Nexus Server
[2026-09-29 07:39:43.821] INFO Engine - Checking for updates
[2026-09-29 07:40:05.020] INFO NvdApiDataSource - NVD API has 7,116 records in this update
[2026-09-29 07:40:28.630] INFO NvdApiDataSource - Downloaded 7,116/7,116 (100%)
[2026-09-29 07:40:28.630] INFO NvdApiDataSource - Completed processing batch 1/4 (25%) in 2,245ms
[2026-09-29 07:40:28.630] INFO NvdApiDataSource - Completed processing batch 2/4 (50%) in 369ms
[2026-09-29 07:40:28.631] INFO NvdApiDataSource - Completed processing batch 3/4 (75%) in 280ms
[2026-09-29 07:40:28.710] INFO NvdApiDataSource - Completed processing batch 4/4 (100%) in 109ms
[2026-09-29 07:40:28.904] INFO KnownExploitedDataSource - Updating CISA Known Exploited Vulnerability list: https://www.cisa.gov/sites/default/files/feeds/known_exploited_vulnerabilities.json
[2026-09-29 07:40:29.226] INFO CveDB - Begin database defrag
[2026-09-29 07:40:34.732] INFO CveDB - End database defrag (5509 ms)
[2026-09-29 07:40:34.751] INFO Engine - Check for updates complete (50930 ms)
[2026-09-29 07:40:34.868] INFO Engine - 

Dependency-Check is an open source tool performing a best effort analysis of 3rd party dependencies; false positives and false negatives may exist in the analysis performed by the tool. Use of the tool and the reporting provided constitutes acceptance for use in an AS IS condition, and there are NO warranties, implied or otherwise, with regard to the analysis or its use. Any use of the tool and the reporting provided is at the user's risk. In no event shall the copyright holder or OWASP be held liable for any damages whatsoever arising out of or in connection with the use of this tool, the analysis performed, or the resulting report.


   About ODC: https://dependency-check.github.io/DependencyCheck/general/internals.html
   False Positives: https://dependency-check.github.io/DependencyCheck/general/suppression.html


[2026-09-29 07:40:34.869] INFO Engine - Analysis Started
[2026-09-29 07:40:35.002] INFO Engine - Finished Archive Analyzer (0 seconds)
[2026-09-29 07:40:35.008] INFO Engine - Finished File Name Analyzer (0 seconds)
[2026-09-29 07:40:35.387] INFO Engine - Finished Jar Analyzer (0 seconds)
[2026-09-29 07:40:35.390] INFO Engine - Finished Central Analyzer (0 seconds)
[2026-09-29 07:40:35.391] INFO Engine - Finished Dependency Merging Analyzer (0 seconds)
[2026-09-29 07:40:35.566] INFO Engine - Finished Hint Analyzer (0 seconds)
[2026-09-29 07:40:35.569] INFO Engine - Finished Version Filter Analyzer (0 seconds)
WARNING: A restricted method in java.lang.foreign.Linker has been called
WARNING: java.lang.foreign.Linker::downcallHandle has been called by org.apache.lucene.store.PosixNativeAccess in an unnamed module (file:/home/runner/.m2/repository/org/apache/lucene/lucene-core/9.12.3/lucene-core-9.12.3.jar)
WARNING: Use --enable-native-access=ALL-UNNAMED to avoid a warning for callers in this module
WARNING: Restricted methods will be blocked in a future release unless native access is enabled

[2026-09-29 07:40:35.918] INFO MemorySegmentIndexInputProvider - Using MemorySegmentIndexInput and native madvise support with Java 21 or later; to disable start with -Dorg.apache.lucene.store.MMapDirectory.enableMemorySegments=false
[2026-09-29 07:40:35.985] WARN VectorizationProvider - You are running with Java 23 or later. To make full use of the Vector API, please update Apache Lucene.
[2026-09-29 07:40:37.818] INFO CPEAnalyzer - Created CPE Index (2 seconds)
[2026-09-29 07:40:38.192] INFO Engine - Finished CPE Analyzer (2 seconds)
[2026-09-29 07:40:38.195] INFO Engine - Finished False Positive Analyzer (0 seconds)
[2026-09-29 07:40:38.206] INFO Engine - Finished NVD CVE Analyzer (0 seconds)
[2026-09-29 07:40:38.206] WARN OssIndexAnalyzer - Disabling OSS Index analyzer due to missing user/password credentials. Authentication is now required: https://ossindex.sonatype.org/doc/auth-required
[2026-09-29 07:40:38.208] INFO Engine - Finished Vulnerability Suppression Analyzer (0 seconds)
[2026-09-29 07:40:38.223] INFO Engine - Finished Known Exploited Vulnerability Analyzer (0 seconds)
[2026-09-29 07:40:38.224] INFO Engine - Finished Dependency Bundling Analyzer (0 seconds)
[2026-09-29 07:40:38.225] INFO Engine - Finished Unused Suppression Rule Analyzer (0 seconds)
[2026-09-29 07:40:38.243] INFO Engine - Analysis Complete (3 seconds)
[2026-09-29 07:40:38.292] INFO ReportGenerator - Writing XML report to: /home/runner/work/embroidery/embroidery/.nvd/../target/nvd/dependency-check-report.xml
[2026-09-29 07:40:38.410] INFO ReportGenerator - Writing HTML report to: /home/runner/work/embroidery/embroidery/.nvd/../target/nvd/dependency-check-report.html
[2026-09-29 07:40:38.498] INFO ReportGenerator - Writing JSON report to: /home/runner/work/embroidery/embroidery/.nvd/../target/nvd/dependency-check-report.json
[2026-09-29 07:40:38.536] INFO ReportGenerator - Writing CSV report to: /home/runner/work/embroidery/embroidery/.nvd/../target/nvd/dependency-check-report.csv
[2026-09-29 07:40:38.541] INFO ReportGenerator - Writing SARIF report to: /home/runner/work/embroidery/embroidery/.nvd/../target/nvd/dependency-check-report.sarif
[2026-09-29 07:40:38.550] INFO ReportGenerator - Writing JENKINS report to: /home/runner/work/embroidery/embroidery/.nvd/../target/nvd/dependency-check-jenkins.html
[2026-09-29 07:40:38.571] INFO ReportGenerator - Writing JUNIT report to: /home/runner/work/embroidery/embroidery/.nvd/../target/nvd/dependency-check-junit.xml
[2026-09-29 07:40:38.582] INFO ReportGenerator - Writing GITLAB report to: /home/runner/work/embroidery/embroidery/.nvd/../target/nvd/dependency-check-gitlab.json
